// Jest Snapshot v1, https://goo.gl/fbAQLP

exports[`matches snapshot 1`] = `
<div>
  <table>
    <thead>
      <tr>
        <th>
          id
        </th>
        <th>
          book_author
        </th>
        <th>
          book_title
        </th>
        <th>
          book_publication_year
        </th>
        <th>
          book_publication_country
        </th>
        <th>
          book_publication_city
        </th>
        <th>
          book_pages
        </th>
      </tr>
    </thead>
    <tbody>
      <tr>
        <td>
          1
        </td>
        <td>
          herr schmidt
        </td>
        <td>
          requim for a dream
        </td>
        <td>
          2001
        </td>
        <td>
          United States
        </td>
        <td>
          Los Angeles
        </td>
        <td>
          203
        </td>
      </tr>
      <tr>
        <td>
          2
        </td>
        <td>
          barack obama
        </td>
        <td>
          dream child from hawaii
        </td>
        <td>
          1962
        </td>
        <td>
          Angola
        </td>
        <td>
          Luanda
        </td>
        <td>
          503
        </td>
      </tr>
    </tbody>
  </table>
</div>
`;
